../Core/Src/main1.c:43:5:main	8	static
../Core/Src/main1.c:88:7:MeasureDistance	16	static
../Core/Src/main1.c:122:6:ControlAlarm	16	static
../Core/Src/main1.c:133:6:SystemClock_Config	88	static
../Core/Src/main1.c:182:6:TIMER4_Setup	40	static
../Core/Src/main1.c:224:13:MX_USART2_UART_Init	8	static
../Core/Src/main1.c:249:13:MX_GPIO_Init	40	static
../Core/Src/main1.c:306:6:TIMER3_Setup	16	static
../Core/Src/main1.c:321:6:TurnLedOn	4	static
../Core/Src/main1.c:327:6:TurnLedOff	4	static
../Core/Src/main1.c:336:6:TurnBuzzerOn	4	static
../Core/Src/main1.c:341:6:TurnBuzzerOff	4	static
../Core/Src/main1.c:348:13:microDelay	16	static
../Core/Src/main1.c:361:6:Error_Handler	4	static
